files/91.csv
id,week,center_id,meal_id,checkout_price,base_price,emailer_for_promotion,homepage_featured,num_orders
1466867,1,91,2290,311.43,310.43,0,0,69
1059647,2,91,2290,309.43,309.43,0,0,82
1191338,3,91,2290,310.43,310.43,0,0,109
1131774,4,91,2290,310.43,309.43,0,0,28
1223124,5,91,2290,161.99,311.43,1,0,1148
1425231,6,91,2290,164.9,309.43,0,1,649
1262636,7,91,2290,162.05,310.43,1,1,1120
1489507,8,91,2290,170.75,311.43,0,0,150
1049079,9,91,2290,310.43,309.43,0,0,177
1396166,10,91,2290,310.43,309.43,0,0,27
1385443,11,91,2290,311.43,309.43,0,0,80
1303114,13,91,2290,280.39,311.43,0,0,134
1225280,14,91,2290,289.12,287.12,0,0,94
1043861,15,91,2290,309.43,310.43,0,0,27
1309511,16,91,2290,309.43,309.43,0,0,40
1343652,17,91,2290,199.88,310.43,1,0,418
1123339,18,91,2290,270.63,309.43,0,0,54
1465114,19,91,2290,311.43,309.43,0,0,95
1315208,20,91,2290,309.43,310.43,0,0,190
1188625,21,91,2290,309.43,310.43,0,0,40
1447766,22,91,2290,311.43,311.43,0,0,134
1009074,23,91,2290,310.43,310.43,0,0,136
1156985,24,91,2290,309.43,309.43,0,0,55
1300907,25,91,2290,310.43,310.43,0,0,109
1209656,26,91,2290,309.43,309.43,0,0,95
1072367,27,91,2290,309.43,311.43,0,0,95
1043363,28,91,2290,310.43,311.43,0,0,42
1072945,29,91,2290,311.43,309.43,0,0,95
1020334,30,91,2290,309.43,310.43,0,0,82
1420687,31,91,2290,320.13,319.13,0,0,55
1277807,32,91,2290,319.13,320.13,0,0,53
1018628,33,91,2290,321.13,321.13,0,0,53
1247288,35,91,2290,320.13,321.13,0,0,80
1288596,36,91,2290,287.12,320.13,0,0,134
1118786,37,91,2290,321.13,321.13,0,0,53
1470066,38,91,2290,172.69,319.13,1,0,715
1150493,39,91,2290,287.15,320.13,0,0,80
1325278,40,91,2290,287.15,320.13,0,0,96
1238715,41,91,2290,288.15,321.13,0,0,54
1276934,42,91,2290,286.15,320.13,0,0,14
1255369,43,91,2290,286.15,319.13,0,0,27
1250027,44,91,2290,288.15,321.13,0,0,53
1256534,45,91,2290,244.5,321.13,1,0,229
1281213,46,91,2290,258.02,260.02,0,0,135
1093610,47,91,2290,286.15,287.15,0,0,67
1376764,48,91,2290,258.02,287.15,0,0,136
1180571,49,91,2290,288.15,288.15,0,0,107
1330752,50,91,2290,288.15,288.15,0,0,96
1366776,51,91,2290,286.15,288.15,0,0,26
1140921,52,91,2290,286.15,286.15,0,0,69
1182304,53,91,2290,288.15,286.15,0,0,215
1398505,54,91,2290,288.15,288.15,0,0,122
1343146,55,91,2290,288.15,287.15,0,0,68
1050174,56,91,2290,287.15,288.15,0,0,80
1340263,57,91,2290,329.83,328.83,0,0,82
1393032,58,91,2290,328.83,328.83,0,0,149
1368149,59,91,2290,329.83,329.83,0,0,81
1345072,60,91,2290,328.83,328.83,0,0,68
1499391,61,91,2290,328.83,328.83,0,0,162
1089328,62,91,2290,329.83,328.83,0,0,54
1176432,63,91,2290,328.83,328.83,0,0,68
1391304,64,91,2290,330.83,330.83,0,0,53
1201357,65,91,2290,328.83,330.83,0,0,68
1012979,66,91,2290,328.83,330.83,0,0,150
1211818,67,91,2290,329.83,328.83,0,0,27
1216478,68,91,2290,328.83,328.83,0,0,41
1115079,69,91,2290,329.83,329.83,0,0,68
1114940,70,91,2290,329.83,330.83,0,0,136
1398538,71,91,2290,307.49,309.49,0,0,94
1467835,72,91,2290,309.49,308.49,0,0,69
1297476,73,91,2290,308.49,309.49,0,0,80
1289016,74,91,2290,308.49,308.49,0,0,135
1402392,75,91,2290,307.49,307.49,0,0,107
1314673,76,91,2290,307.49,307.49,0,0,40
1024371,77,91,2290,309.49,309.49,0,0,94
1104724,78,91,2290,309.49,307.49,0,0,67
1481441,79,91,2290,308.49,307.49,0,0,217
1443406,80,91,2290,307.49,308.49,0,0,149
1408912,81,91,2290,309.49,307.49,0,0,67
1146825,82,91,2290,308.49,309.49,0,0,136
1066368,83,91,2290,282.3,283.3,0,0,188
1352408,84,91,2290,274.57,273.57,0,0,134
1348588,85,91,2290,194.06,272.57,0,0,13
1242888,86,91,2290,193.06,274.57,0,0,80
1093266,87,91,2290,302.64,304.64,0,0,148
1342016,88,91,2290,303.64,302.64,0,0,135
1465837,89,91,2290,302.64,304.64,0,0,54
1456956,90,91,2290,193.06,303.64,1,0,242
1197401,91,91,2290,302.64,303.64,0,0,230
1002419,92,91,2290,302.64,302.64,0,0,258
1088499,93,91,2290,303.64,304.64,0,0,190
1286069,94,91,2290,243.5,302.64,0,0,418
1372151,95,91,2290,242.5,302.64,0,0,42
1290896,96,91,2290,303.64,304.64,0,0,190
1315577,97,91,2290,302.64,304.64,0,0,55
1071310,98,91,2290,303.64,302.64,0,0,107
1443090,99,91,2290,302.64,303.64,0,0,54
1492380,100,91,2290,211.52,302.64,1,1,539
1006334,101,91,2290,223.13,303.64,1,1,609
1141115,102,91,2290,186.27,303.64,1,1,553
1210668,103,91,2290,183.36,303.64,1,1,447
1260036,104,91,2290,303.64,304.64,0,0,149
1237008,105,91,2290,304.64,302.64,0,0,351
1216039,106,91,2290,303.64,303.64,0,0,188
1301568,107,91,2290,291.03,290.03,0,0,162
1273292,108,91,2290,304.64,303.64,0,0,68
1414947,109,91,2290,304.64,303.64,0,0,229
1256999,110,91,2290,304.64,302.64,0,0,135
1306736,111,91,2290,303.64,304.64,0,0,136
1166403,112,91,2290,302.64,304.64,0,0,134
1093876,113,91,2290,313.34,314.34,0,0,203
1297499,114,91,2290,312.34,313.34,0,0,82
1482362,115,91,2290,312.34,314.34,0,0,94
1099227,116,91,2290,313.34,314.34,0,0,135
1121763,117,91,2290,314.34,313.34,0,0,95
1420583,118,91,2290,313.34,312.34,0,0,230
1445901,119,91,2290,274.57,313.34,1,1,323
1261507,120,91,2290,276.48,313.34,1,1,108
1398194,121,91,2290,313.34,312.34,0,0,96
1162223,122,91,2290,313.34,312.34,0,0,188
1187064,123,91,2290,292.94,293.94,0,0,108
1064319,124,91,2290,240.62,294.94,0,0,68
1164876,125,91,2290,299.79,298.79,0,0,40
1084061,126,91,2290,299.79,298.79,0,0,229
1015852,127,91,2290,298.79,298.79,0,0,176
1402789,128,91,2290,299.79,299.79,0,0,176
1423553,129,91,2290,297.79,297.79,0,0,176
1356349,130,91,2290,297.79,298.79,0,0,134
1462296,131,91,2290,298.79,298.79,0,0,310
1055366,132,91,2290,298.79,299.79,0,0,204
1338171,133,91,2290,298.79,297.79,0,0,188
1242063,134,91,2290,291.03,298.79,1,0,271
1035561,135,91,2290,270.63,272.63,0,0,296
1215926,136,91,2290,299.79,298.79,0,0,284
1040929,137,91,2290,297.79,298.79,0,0,107
1290605,138,91,2290,298.79,297.79,0,0,121
1328635,139,91,2290,299.79,298.79,0,0,256
1449294,140,91,2290,299.79,297.79,0,0,311
1192457,141,91,2290,275.51,276.51,0,0,177
1236484,142,91,2290,298.79,297.79,0,0,177
1369840,143,91,2290,297.79,298.79,0,0,283
1462581,144,91,2290,297.79,298.79,0,0,323
1264173,145,91,2290,297.79,297.79,0,0,161
1059893,1,91,1727,447.23,447.23,0,0,135
1467119,2,91,1727,447.23,446.23,0,0,14
1294548,3,91,1727,446.23,446.23,0,0,15
1276948,4,91,1727,445.23,445.23,0,0,216
1080259,5,91,1727,325.01,445.23,0,1,203
1487314,6,91,1727,294.94,447.23,0,0,162
1296898,7,91,1727,446.23,446.23,0,0,94
1126823,8,91,1727,447.23,447.23,0,0,55
1041539,9,91,1727,446.23,447.23,0,0,175
1110711,10,91,1727,446.23,445.23,0,0,53
1017650,11,91,1727,447.23,445.23,0,0,27
1154813,13,91,1727,445.23,445.23,0,0,148
1363241,14,91,1727,447.23,446.23,0,0,95
1414861,15,91,1727,446.23,447.23,0,0,68
1267068,16,91,1727,446.23,447.23,0,0,123
1402522,17,91,1727,445.23,447.23,0,0,109
1272554,18,91,1727,425.86,426.86,0,0,149
1153455,19,91,1727,446.23,445.23,0,0,82
1240578,20,91,1727,445.23,446.23,0,0,69
1287989,21,91,1727,447.23,446.23,0,0,108
1392775,22,91,1727,446.23,445.23,0,0,296
1154758,23,91,1727,446.23,446.23,0,0,94
1281370,24,91,1727,447.23,447.23,0,0,94
1128104,25,91,1727,321.1,446.23,1,0,177
1272347,26,91,1727,345.38,446.23,1,1,162
1292158,27,91,1727,445.23,446.23,0,1,163
1458063,28,91,1727,446.23,445.23,0,0,55
1204081,29,91,1727,445.23,447.23,0,0,69
1005079,30,91,1727,447.23,446.23,0,0,162
1179247,31,91,1727,446.23,447.23,0,0,95
1258842,32,91,1727,445.23,447.23,0,0,54
1110540,33,91,1727,445.23,447.23,0,0,55
1203348,34,91,1727,445.23,446.23,0,0,95
1237946,35,91,1727,446.23,445.23,0,0,27
1352920,36,91,1727,446.23,445.23,0,0,82
1000133,37,91,1727,445.23,447.23,0,0,40
1464452,38,91,1727,446.23,445.23,0,0,95
1261974,39,91,1727,445.23,445.23,0,0,81
1410893,40,91,1727,447.23,445.23,0,0,68
1425327,41,91,1727,446.23,447.23,0,0,149
1292151,42,91,1727,445.23,447.23,0,0,80
1250650,43,91,1727,446.23,447.23,0,0,177
1029970,44,91,1727,445.23,445.23,0,0,136
1192263,45,91,1727,447.23,445.23,0,0,161
1266979,46,91,1727,446.23,446.23,0,0,95
1227234,47,91,1727,447.23,447.23,0,0,108
1476735,48,91,1727,445.23,447.23,0,0,177
1136236,49,91,1727,445.23,446.23,0,0,67
1403093,50,91,1727,447.23,447.23,0,0,82
1476265,51,91,1727,446.23,446.23,0,0,55
1328222,52,91,1727,445.23,446.23,0,0,108
1138289,53,91,1727,445.23,445.23,0,0,42
1281606,55,91,1727,445.23,447.23,0,0,81
1210831,56,91,1727,446.23,446.23,0,0,163
1431516,57,91,1727,447.23,446.23,0,0,107
1079697,58,91,1727,309.49,447.23,1,0,161
1344847,59,91,1727,360.9,446.23,1,0,231
1315445,60,91,1727,446.23,447.23,0,0,163
1167421,61,91,1727,445.23,445.23,0,0,80
1273513,62,91,1727,445.23,445.23,0,0,26
1315232,63,91,1727,447.23,445.23,0,0,108
1245768,64,91,1727,447.23,446.23,0,0,134
1180972,65,91,1727,446.23,446.23,0,0,136
1110978,66,91,1727,446.23,445.23,0,0,69
1356898,67,91,1727,446.23,447.23,0,0,27
1086951,68,91,1727,446.23,446.23,0,0,229
1296864,69,91,1727,447.23,447.23,0,0,148
1351088,70,91,1727,445.23,446.23,0,0,107
1256834,71,91,1727,445.23,446.23,0,0,121
1246459,72,91,1727,446.23,447.23,0,0,69
1031092,73,91,1727,447.23,446.23,0,0,122
1133379,74,91,1727,447.23,445.23,0,0,189
1079263,75,91,1727,446.23,445.23,0,0,109
1459063,76,91,1727,446.23,447.23,0,0,122
1191833,77,91,1727,359.93,447.23,1,0,285
1309247,78,91,1727,325.01,445.23,1,0,134
1008145,79,91,1727,404.49,447.23,1,0,135
1117456,80,91,1727,445.23,446.23,0,0,163
1230493,81,91,1727,445.23,445.23,0,0,80
1165954,82,91,1727,446.23,446.23,0,0,243
1246692,83,91,1727,339.56,446.23,1,1,378
1365222,84,91,1727,333.74,445.23,0,1,135
1311191,85,91,1727,403.55,446.23,0,1,242
1043010,86,91,1727,431.71,445.23,0,1,136
1175924,87,91,1727,446.23,446.23,0,0,177
1366660,88,91,1727,348.29,447.23,0,0,202
1117942,89,91,1727,349.23,447.23,0,0,176
1265830,90,91,1727,396.79,445.23,0,0,67
1254561,91,91,1727,445.23,446.23,0,0,69
1257148,92,91,1727,399.64,446.23,0,0,149
1393695,93,91,1727,447.23,445.23,0,0,109
1068422,94,91,1727,445.23,446.23,0,0,189
1426045,95,91,1727,447.23,445.23,0,0,122
1373601,96,91,1727,447.23,446.23,0,0,95
1191119,97,91,1727,445.23,447.23,0,0,26
1183255,98,91,1727,445.23,447.23,0,0,108
1172729,99,91,1727,445.23,447.23,0,0,95
1143287,100,91,1727,446.23,446.23,0,0,190
1004205,101,91,1727,447.23,445.23,0,0,41
1389356,102,91,1727,446.23,445.23,0,0,40
1480923,103,91,1727,445.23,447.23,0,0,162
1303520,104,91,1727,447.23,446.23,0,0,271
1043526,105,91,1727,445.23,447.23,0,0,69
1459500,106,91,1727,408.37,409.37,0,0,81
1187896,107,91,1727,445.23,445.23,0,0,14
1262803,108,91,1727,445.23,447.23,0,0,123
1222988,109,91,1727,447.23,445.23,0,0,81
1457511,110,91,1727,446.23,445.23,0,0,26
1145989,111,91,1727,254.17,446.23,1,0,244
1228534,112,91,1727,259.99,446.23,1,0,162
1475113,113,91,1727,465.63,466.63,0,0,134
1093835,114,91,1727,465.63,466.63,0,0,94
1418486,115,91,1727,466.63,466.63,0,0,162
1127618,116,91,1727,464.63,464.63,0,0,53
1203081,117,91,1727,465.63,466.63,0,0,136
1037146,118,91,1727,464.63,464.63,0,0,149
1429108,119,91,1727,466.63,464.63,0,0,67
1049884,120,91,1727,464.63,465.63,0,0,81
1197124,121,91,1727,464.63,466.63,0,0,13
1001588,122,91,1727,466.63,466.63,0,0,95
1151130,123,91,1727,464.63,465.63,0,0,108
1029279,124,91,1727,465.63,466.63,0,0,121
1155826,125,91,1727,464.63,466.63,0,0,27
1112629,126,91,1727,464.63,464.63,0,0,67
1266835,127,91,1727,464.63,465.63,0,0,41
1231729,128,91,1727,466.63,466.63,0,0,69
1463744,129,91,1727,464.63,464.63,0,0,161
1112124,130,91,1727,465.63,465.63,0,0,55
1411900,131,91,1727,465.63,465.63,0,0,108
1213881,132,91,1727,465.63,464.63,0,0,136
1471343,133,91,1727,464.63,465.63,0,0,135
1253579,134,91,1727,464.63,464.63,0,1,148
1023767,135,91,1727,419.04,465.63,1,1,257
1462596,136,91,1727,389,464.63,1,1,256
1289878,137,91,1727,440.44,440.44,0,0,149
1181812,138,91,1727,466.63,466.63,0,0,81
1098037,139,91,1727,466.63,466.63,0,0,163
1293071,140,91,1727,465.63,466.63,0,0,82
1339110,141,91,1727,464.63,466.63,0,0,68
1145752,142,91,1727,466.63,464.63,0,0,96
1116854,143,91,1727,465.63,466.63,0,0,109
1323654,144,91,1727,464.63,466.63,0,0,54
1162227,145,91,1727,464.63,464.63,0,0,108
1153117,1,91,1109,280.39,311.43,1,0,215
1441155,2,91,1109,241.59,309.43,0,0,81
1377178,3,91,1109,309.43,311.43,0,0,42
1305337,4,91,1109,309.43,311.43,0,0,54
1324072,5,91,1109,309.43,311.43,0,0,69
1205034,6,91,1109,247.35,311.43,0,0,67
1180485,7,91,1109,264.81,311.43,0,0,94
1213034,8,91,1109,278.39,310.43,0,0,135
1221425,9,91,1109,311.43,309.43,0,0,69
1429152,10,91,1109,309.43,309.43,0,0,26
1010071,11,91,1109,282.3,282.3,0,0,148
1085635,12,91,1109,311.43,311.43,0,0,163
1411876,13,91,1109,310.43,309.43,0,0,108
1172419,14,91,1109,231.83,310.43,0,0,53
1263751,15,91,1109,102.82,310.43,0,0,41
1324779,16,91,1109,309.43,311.43,0,0,123
1355662,17,91,1109,311.43,311.43,0,0,55
1179567,18,91,1109,309.43,309.43,0,0,81
1300686,19,91,1109,273.6,310.43,1,1,161
1262839,20,91,1109,241.56,311.43,0,0,122
1305062,21,91,1109,275.48,310.43,0,0,244
1368576,22,91,1109,284.24,309.43,0,1,163
1271629,23,91,1109,309.43,310.43,0,0,190
1310183,24,91,1109,311.43,309.43,0,0,80
1115206,25,91,1109,311.43,310.43,0,0,67
1023288,26,91,1109,311.43,309.43,0,0,176
1187241,27,91,1109,309.43,311.43,0,0,176
1053400,28,91,1109,282.3,282.3,0,0,149
1075197,29,91,1109,311.43,309.43,0,0,230
1158743,30,91,1109,269.69,311.43,0,0,269
1206772,31,91,1109,321.13,321.13,0,0,188
1182859,32,91,1109,303.67,301.67,0,0,242
1266499,33,91,1109,320.13,321.13,0,0,189
1295484,34,91,1109,300.76,298.76,0,0,215
1004638,35,91,1109,266.78,299.76,0,0,13
1470856,36,91,1109,319.13,320.13,0,0,162
1040777,37,91,1109,293.94,293.94,0,0,163
1209340,38,91,1109,320.13,321.13,0,0,69
1024529,39,91,1109,319.13,319.13,0,0,134
1141910,40,91,1109,267.78,320.13,0,0,81
1012002,41,91,1109,268.75,321.13,1,1,379
1450172,42,91,1109,320.13,321.13,0,0,81
1419819,43,91,1109,320.13,319.13,0,1,80
1250019,44,91,1109,319.13,320.13,0,1,123
1156429,45,91,1109,227.95,321.13,0,0,96
1409971,46,91,1109,242.56,320.13,1,1,109
1063435,47,91,1109,282.3,321.13,0,0,135
1261695,48,91,1109,320.13,320.13,0,0,148
1442622,49,91,1109,319.13,319.13,0,0,68
1489535,50,91,1109,321.13,320.13,0,0,68
1051371,51,91,1109,320.13,320.13,0,0,53
1021979,52,91,1109,321.13,320.13,0,0,69
1263288,53,91,1109,319.13,321.13,0,0,94
1238980,54,91,1109,275.54,319.13,0,0,15
1432154,55,91,1109,283.27,319.13,1,0,149
1412967,56,91,1109,321.13,321.13,0,0,28
1128359,57,91,1109,256.11,319.13,0,0,69
1205805,58,91,1109,199.82,320.13,0,0,108
1127676,59,91,1109,321.13,319.13,0,0,82
1125372,60,91,1109,320.13,320.13,0,0,67
1433063,61,91,1109,321.13,321.13,0,0,68
1340328,62,91,1109,321.13,321.13,0,0,54
1098620,63,91,1109,321.13,320.13,0,0,69
1406977,64,91,1109,321.13,319.13,0,0,69
1149580,65,91,1109,321.13,319.13,0,0,95
1497687,66,91,1109,319.13,319.13,0,0,28
1000759,67,91,1109,229.95,319.13,0,0,95
1106844,68,91,1109,319.13,319.13,0,0,54
1491628,69,91,1109,319.13,321.13,0,0,40
1491413,70,91,1109,319.13,319.13,0,0,55
1229264,71,91,1109,309.43,309.43,0,0,96
1464701,72,91,1109,265.81,310.43,0,0,95
1421722,73,91,1109,309.43,309.43,0,0,28
1307539,74,91,1109,309.43,311.43,0,0,80
1441061,75,91,1109,309.43,311.43,0,0,123
1114324,76,91,1109,310.43,310.43,0,0,26
1000587,77,91,1109,309.43,310.43,0,0,81
1125181,78,91,1109,310.43,311.43,0,0,27
1154550,79,91,1109,310.43,310.43,0,0,69
1356516,80,91,1109,233.83,311.43,0,0,55
1140123,81,91,1109,309.43,309.43,0,0,81
1067158,82,91,1109,309.43,311.43,0,0,40
1197087,83,91,1109,310.43,311.43,0,0,96
1434529,84,91,1109,156.2,309.43,0,0,54
1116073,87,91,1109,310.43,309.43,0,0,42
1389066,88,91,1109,311.43,310.43,0,0,81
1341399,89,91,1109,309.43,310.43,0,0,82
1317596,90,91,1109,309.43,309.43,0,0,81
1486066,91,91,1109,310.43,311.43,0,0,82
1474057,92,91,1109,311.43,309.43,0,0,107
1349473,93,91,1109,309.43,311.43,0,0,107
1046061,94,91,1109,310.43,309.43,0,0,40
1249425,95,91,1109,292.03,311.43,1,0,162
1106165,96,91,1109,310.43,311.43,0,0,41
1148033,98,91,1109,253.23,309.43,1,0,94
1471790,99,91,1109,251.23,310.43,1,0,134
1190592,100,91,1109,310.43,311.43,0,0,28
1482529,101,91,1109,311.43,311.43,0,0,53
1009190,102,91,1109,311.43,310.43,0,0,55
1307268,103,91,1109,310.43,311.43,0,0,27
1256144,104,91,1109,231.83,310.43,0,0,53
1018855,105,91,1109,309.43,311.43,0,0,96
1473531,106,91,1109,231.86,310.43,1,0,230
1135726,107,91,1109,244.47,309.43,1,0,134
1394459,108,91,1109,310.43,311.43,0,0,82
1176944,109,91,1109,311.43,309.43,0,0,41
1283296,110,91,1109,243.47,311.43,0,0,190
1405343,111,91,1109,310.43,310.43,0,0,53
1079358,112,91,1109,311.43,309.43,0,0,53
1015245,113,91,1109,321.13,320.13,0,0,81
1334949,114,91,1109,320.13,320.13,0,0,95
1234914,115,91,1109,319.13,319.13,0,0,42
1254015,116,91,1109,321.13,321.13,0,0,53
1126731,117,91,1109,320.13,320.13,0,0,122
1440340,118,91,1109,320.13,320.13,0,0,67
1012774,119,91,1109,295.88,321.13,1,1,136
1440378,120,91,1109,284.27,320.13,1,1,177
1055613,121,91,1109,319.13,320.13,0,0,41
1082961,122,91,1109,275.54,321.13,0,0,95
1270882,123,91,1109,239.59,321.13,0,0,96
1129458,124,91,1109,311.43,309.43,0,0,68
1047510,125,91,1109,266.81,311.43,0,0,95
1402416,126,91,1109,311.43,310.43,0,0,94
1000609,127,91,1109,309.43,311.43,0,0,82
1417155,128,91,1109,264.81,311.43,0,0,95
1181928,129,91,1109,310.43,311.43,0,0,54
1275943,130,91,1109,255.11,311.43,1,0,148
1335645,131,91,1109,251.26,309.43,1,0,202
1447119,132,91,1109,310.43,310.43,0,0,107
1366230,133,91,1109,311.43,309.43,0,0,67
1495712,134,91,1109,310.43,310.43,0,0,135
1090425,135,91,1109,309.43,309.43,0,0,121
1344681,136,91,1109,310.43,311.43,0,0,107
1452512,137,91,1109,311.43,310.43,0,0,94
1124243,138,91,1109,310.43,309.43,0,0,215
1487834,139,91,1109,284.24,284.24,0,0,162
1399964,140,91,1109,258.02,260.02,0,0,82
1292843,141,91,1109,310.43,311.43,0,0,68
1104543,142,91,1109,310.43,309.43,0,0,55
1181968,143,91,1109,310.43,311.43,0,0,163
1121212,144,91,1109,310.43,311.43,0,0,148
1206475,145,91,1109,271.63,309.43,0,0,107
