files/91.csv
id,week,center_id,meal_id,checkout_price,base_price,emailer_for_promotion,homepage_featured,num_orders
1065998,1,91,1558,589.79,727.53,1,0,270
1342144,2,91,1558,582.03,727.53,1,0,177
1372303,3,91,1558,612.13,728.53,0,0,26
1068984,4,91,1558,610.13,728.53,0,0,81
1069845,5,91,1558,611.13,727.53,0,0,121
1439694,6,91,1558,617.89,728.53,0,0,190
1197691,7,91,1558,610.13,610.13,0,0,121
1032605,9,91,1558,576.18,578.18,0,0,134
1484075,10,91,1558,583.03,582.03,0,0,107
1097740,11,91,1558,581.03,583.03,0,0,108
1370793,12,91,1558,534.53,582.03,1,0,40
1065109,13,91,1558,547.11,582.03,1,0,189
1334005,14,91,1558,610.13,611.13,0,0,123
1234833,15,91,1558,611.13,610.13,0,0,81
1259737,17,91,1558,612.13,610.13,0,0,55
1189216,18,91,1558,620.8,620.8,0,0,148
1484597,19,91,1558,612.13,611.13,0,0,26
1075075,22,91,1558,612.13,612.13,0,0,13
1181167,23,91,1558,610.13,610.13,0,0,122
1330993,24,91,1558,610.13,611.13,0,0,81
1249624,25,91,1558,612.13,610.13,0,0,54
1057994,26,91,1558,484.03,610.13,1,0,134
1464852,27,91,1558,486.03,610.13,1,0,230
1302191,28,91,1558,726.53,728.53,0,0,69
1345895,29,91,1558,728.53,727.53,0,0,40
1369443,30,91,1558,726.53,726.53,0,0,54
1299799,31,91,1558,727.53,728.53,0,0,26
1020652,32,91,1558,726.53,726.53,0,0,68
1190112,34,91,1558,726.53,727.53,0,0,13
1299315,35,91,1558,679.03,679.03,0,0,149
1063263,36,91,1558,680.03,678.03,0,0,163
1156055,37,91,1558,434.59,679.03,1,0,244
1040257,38,91,1558,434.59,679.03,1,0,297
1351333,39,91,1558,434.59,678.03,0,0,163
1216293,44,91,1558,678.03,679.03,0,0,13
1098627,45,91,1558,486.03,678.03,1,0,283
1446643,46,91,1558,484.03,680.03,0,0,311
1267556,47,91,1558,458.81,680.03,0,0,189
1211303,48,91,1558,678.03,679.03,0,0,284
1068688,49,91,1558,678.03,679.03,0,0,27
1359187,51,91,1558,678.03,679.03,0,0,53
1414103,52,91,1558,679.03,679.03,0,0,94
1056168,53,91,1558,680.03,678.03,0,0,364
1057500,54,91,1558,679.03,678.03,0,0,177
1012407,55,91,1558,485.03,680.03,1,0,94
1202393,58,91,1558,678.03,678.03,0,0,108
1048372,59,91,1558,675.18,674.18,0,0,188
1137896,60,91,1558,680.03,678.03,0,0,95
1304055,61,91,1558,441.38,680.03,1,0,432
1254090,62,91,1558,433.59,678.03,1,0,53
1239730,63,91,1558,441.41,679.03,1,1,513
1364780,64,91,1558,435.59,678.03,1,1,204
1345139,65,91,1558,680.03,678.03,0,0,41
1365337,66,91,1558,680.03,679.03,0,0,28
1230980,67,91,1558,680.03,679.03,0,0,109
1160818,68,91,1558,678.03,678.03,0,0,26
1382767,69,91,1558,679.03,679.03,0,0,109
1239989,70,91,1558,678.03,678.03,0,0,161
1242459,71,91,1558,678.03,679.03,0,0,190
1099439,72,91,1558,680.03,679.03,0,0,67
1005030,73,91,1558,679.03,680.03,0,0,53
1323689,74,91,1558,678.03,678.03,0,0,162
1083088,75,91,1558,486.03,679.03,1,0,338
1055273,76,91,1558,484.03,679.03,1,0,243
1236262,77,91,1558,680.03,680.03,0,0,95
1145564,78,91,1558,678.03,680.03,0,0,82
1448952,79,91,1558,463.69,680.03,1,0,337
1465828,80,91,1558,680.03,678.03,0,0,135
1464967,81,91,1558,678.03,680.03,0,0,69
1048800,82,91,1558,680.03,680.03,0,0,67
1259710,83,91,1558,679.03,679.03,0,0,217
1345521,84,91,1558,484.03,680.03,1,0,257
1141133,85,91,1558,496.67,680.03,1,0,231
1180289,86,91,1558,486.03,678.03,0,0,175
1315459,87,91,1558,500.52,680.03,0,0,310
1267804,88,91,1558,484.03,678.03,0,0,310
1112497,89,91,1558,464.69,680.03,1,0,177
1075894,90,91,1558,468.54,678.03,0,0,40
1074377,91,91,1558,495.7,678.03,0,0,242
1183518,92,91,1558,443.35,679.03,1,0,594
1462647,93,91,1558,436.53,678.03,1,0,190
1481300,94,91,1558,680.03,680.03,0,0,15
1225421,95,91,1558,680.03,679.03,0,0,26
1038120,96,91,1558,678.03,679.03,0,0,231
1073123,97,91,1558,679.03,679.03,0,0,242
1285657,98,91,1558,535.5,679.03,1,1,134
1264116,99,91,1558,535.5,679.03,1,1,82
1213386,100,91,1558,680.03,679.03,0,0,296
1333895,101,91,1558,678.03,678.03,0,0,161
1300433,102,91,1558,680.03,679.03,0,0,122
1465120,103,91,1558,680.03,680.03,0,0,80
1061816,104,91,1558,678.03,680.03,0,0,53
1311550,105,91,1558,679.03,679.03,0,0,188
1238545,106,91,1558,678.03,680.03,0,0,122
1125919,107,91,1558,679.03,680.03,0,0,13
1110022,108,91,1558,485.03,679.03,0,0,204
1199802,109,91,1558,495.73,680.03,1,0,526
1256732,110,91,1558,679.03,680.03,0,0,230
1494300,111,91,1558,697.43,698.43,0,0,81
1325231,112,91,1558,699.43,698.43,0,0,55
1383462,113,91,1558,473.36,699.43,1,0,541
1436362,114,91,1558,462.69,698.43,1,0,377
1032649,115,91,1558,463.69,697.43,1,0,161
1220017,116,91,1558,464.69,698.43,1,0,269
1052968,117,91,1558,697.43,698.43,0,0,109
1470868,118,91,1558,697.43,699.43,0,0,148
1168310,119,91,1558,698.43,699.43,0,0,81
1383449,120,91,1558,699.43,698.43,0,0,55
1037368,121,91,1558,486,697.43,1,0,134
1307222,122,91,1558,670.33,668.33,0,0,176
1135065,123,91,1558,668.33,668.33,0,0,67
1011251,124,91,1558,639.23,639.23,0,0,53
1406092,125,91,1558,640.23,641.23,0,0,26
1188978,126,91,1558,564.57,641.23,1,0,296
1320498,127,91,1558,559.69,641.23,1,0,284
1437449,128,91,1558,641.23,640.23,0,0,96
1017348,129,91,1558,639.23,640.23,0,0,41
1173048,130,91,1558,484.03,640.23,1,0,258
1311563,131,91,1558,486.03,641.23,1,0,189
1372457,132,91,1558,639.23,641.23,0,0,40
1392248,133,91,1558,640.23,641.23,0,0,107
1437292,134,91,1558,548.08,640.23,0,0,26
1112177,135,91,1558,547.08,641.23,1,0,285
1167701,136,91,1558,548.08,639.23,1,0,244
1499028,137,91,1558,549.08,640.23,0,0,217
1435982,138,91,1558,549.08,641.23,0,0,150
1081395,139,91,1558,547.08,639.23,0,0,136
1212090,140,91,1558,547.08,639.23,0,0,242
1035404,141,91,1558,467.6,639.23,1,0,109
1449894,142,91,1558,484.03,640.23,1,0,217
1319529,143,91,1558,547.08,547.08,0,0,149
1382120,144,91,1558,549.08,547.08,0,0,175
1262553,145,91,1558,564.6,563.6,0,0,163
1130561,1,91,2581,583.03,612.13,1,0,296
1212123,2,91,2581,581.03,610.13,1,0,135
1421595,3,91,2581,610.13,610.13,0,0,68
1228483,4,91,2581,612.13,610.13,0,0,121
1334302,5,91,2581,622.8,620.8,0,0,134
1068417,6,91,2581,610.13,610.13,0,0,53
1263725,7,91,2581,633.41,633.41,0,0,69
1219490,8,91,2581,610.13,612.13,0,0,42
1479009,9,91,2581,581.03,582.03,0,0,123
1416694,10,91,2581,591.76,589.76,0,0,231
1369025,11,91,2581,582.03,582.03,0,0,28
1020375,12,91,2581,532.53,581.03,1,0,82
1444528,13,91,2581,532.53,581.03,1,0,190
1442845,14,91,2581,610.13,611.13,0,0,122
1182928,15,91,2581,611.13,612.13,0,0,109
1320695,16,91,2581,612.13,612.13,0,0,14
1273562,17,91,2581,612.13,612.13,0,0,80
1099162,18,91,2581,611.13,610.13,0,0,122
1105609,19,91,2581,610.13,610.13,0,0,40
1132154,20,91,2581,542.29,610.13,1,0,108
1235908,21,91,2581,513.13,611.13,1,0,82
1175515,22,91,2581,610.13,610.13,0,0,134
1144160,23,91,2581,611.13,611.13,0,0,176
1114591,24,91,2581,612.13,611.13,0,0,109
1032942,25,91,2581,611.13,610.13,0,0,80
1492745,26,91,2581,485.03,610.13,1,0,216
1368999,27,91,2581,484.03,610.13,1,0,405
1384877,28,91,2581,727.53,727.53,0,0,121
1039718,29,91,2581,726.53,727.53,0,0,28
1115886,30,91,2581,727.53,727.53,0,0,95
1179309,31,91,2581,726.53,728.53,0,0,149
1326297,32,91,2581,727.53,727.53,0,0,41
1147382,33,91,2581,727.53,727.53,0,0,28
1140186,34,91,2581,728.53,726.53,0,0,26
1230312,35,91,2581,680.03,678.03,0,0,108
1122022,36,91,2581,679.03,680.03,0,0,109
1127559,37,91,2581,433.59,679.03,1,0,270
1057723,38,91,2581,457.87,679.03,1,0,270
1476010,39,91,2581,433.59,679.03,0,0,107
1299344,40,91,2581,435.59,679.03,0,0,352
1316535,41,91,2581,678.03,679.03,0,0,190
1162883,42,91,2581,680.03,678.03,0,0,67
1211450,43,91,2581,678.03,679.03,0,0,134
1414250,44,91,2581,679.03,678.03,0,0,229
1335723,45,91,2581,484.03,679.03,1,0,377
1065350,46,91,2581,485.03,678.03,0,0,215
1324026,47,91,2581,456.9,678.03,0,0,107
1016233,48,91,2581,679.03,680.03,0,0,190
1368870,49,91,2581,679.03,680.03,0,0,231
1169452,50,91,2581,678.03,679.03,0,0,135
1438431,51,91,2581,679.03,678.03,0,0,42
1170307,52,91,2581,678.03,679.03,0,0,134
1433667,53,91,2581,678.03,680.03,0,0,177
1380854,54,91,2581,678.03,680.03,0,0,204
1451054,55,91,2581,486.03,680.03,1,0,202
1499203,56,91,2581,678.03,680.03,0,0,40
1290066,57,91,2581,678.03,679.03,0,0,148
1278731,58,91,2581,678.03,680.03,0,0,216
1436351,59,91,2581,678.03,678.03,0,0,148
1193024,60,91,2581,678.03,678.03,0,0,82
1170066,61,91,2581,433.59,680.03,1,0,271
1315171,62,91,2581,435.59,680.03,1,0,55
1078145,63,91,2581,435.59,679.03,1,0,365
1339314,64,91,2581,455.96,679.03,1,0,161
1453613,65,91,2581,678.03,680.03,0,0,163
1401538,66,91,2581,680.03,679.03,0,0,162
1497189,67,91,2581,678.03,679.03,0,0,54
1430214,68,91,2581,678.03,678.03,0,0,96
1421861,69,91,2581,679.03,679.03,0,0,123
1075806,70,91,2581,680.03,679.03,0,0,148
1332460,71,91,2581,679.03,680.03,0,0,204
1306764,72,91,2581,679.03,679.03,0,0,123
1490757,73,91,2581,679.03,678.03,0,0,82
1395256,74,91,2581,680.03,679.03,0,0,230
1325418,75,91,2581,490.82,680.03,1,0,405
1348860,76,91,2581,484.03,680.03,1,0,298
1408409,77,91,2581,680.03,678.03,0,0,69
1397244,78,91,2581,678.03,680.03,0,0,95
1134806,79,91,2581,478.21,679.03,1,0,366
1091334,80,91,2581,678.03,678.03,0,0,135
1296720,81,91,2581,679.03,680.03,0,0,94
1460521,82,91,2581,679.03,680.03,0,0,95
1448861,83,91,2581,680.03,678.03,0,0,257
1286079,84,91,2581,505.37,679.03,1,0,350
1430669,85,91,2581,485.03,678.03,1,0,177
1398137,86,91,2581,484.03,679.03,0,0,161
1036627,87,91,2581,484.03,680.03,0,0,216
1168519,88,91,2581,490.82,678.03,0,0,392
1301905,89,91,2581,462.69,678.03,1,0,190
1405696,90,91,2581,486.03,679.03,0,0,121
1271782,91,91,2581,485.03,678.03,0,0,283
1048559,92,91,2581,441.41,678.03,1,0,742
1175859,93,91,2581,445.29,680.03,1,0,405
1338031,94,91,2581,680.03,679.03,0,0,121
1181825,95,91,2581,680.03,679.03,0,0,122
1214651,96,91,2581,680.03,678.03,0,0,215
1144766,97,91,2581,679.03,679.03,0,0,270
1441275,98,91,2581,535.5,679.03,1,1,216
1340609,99,91,2581,534.5,680.03,1,1,150
1305494,100,91,2581,680.03,679.03,0,0,257
1310978,101,91,2581,679.03,679.03,0,0,310
1277068,102,91,2581,679.03,679.03,0,0,135
1118225,103,91,2581,679.03,678.03,0,0,55
1243910,104,91,2581,680.03,678.03,0,0,123
1478734,105,91,2581,678.03,678.03,0,0,298
1482099,106,91,2581,678.03,680.03,0,0,149
1430074,107,91,2581,678.03,679.03,0,0,13
1313859,108,91,2581,484.03,678.03,0,0,162
1158657,109,91,2581,499.55,679.03,1,0,500
1183377,110,91,2581,679.03,679.03,0,0,96
1074137,111,91,2581,699.43,699.43,0,0,81
1415754,112,91,2581,697.43,698.43,0,0,81
1100872,113,91,2581,469.51,697.43,1,0,555
1377345,114,91,2581,462.69,699.43,1,0,514
1083280,115,91,2581,463.69,699.43,1,0,216
1382006,116,91,2581,462.69,698.43,1,0,270
1056649,118,91,2581,698.43,698.43,0,0,190
1179918,119,91,2581,697.43,698.43,0,0,162
1120388,120,91,2581,697.43,698.43,0,0,121
1409421,121,91,2581,487,697.43,1,0,161
1035990,122,91,2581,669.33,668.33,0,0,161
1272029,123,91,2581,669.33,669.33,0,0,108
1470013,124,91,2581,641.23,639.23,0,0,148
1338877,125,91,2581,641.23,641.23,0,0,136
1445156,126,91,2581,567.51,641.23,1,0,188
1459233,127,91,2581,560.69,639.23,1,0,271
1054524,128,91,2581,639.23,640.23,0,0,149
1405788,129,91,2581,640.23,641.23,0,0,108
1185703,130,91,2581,484.03,641.23,1,0,163
1487669,131,91,2581,486.03,640.23,1,0,487
1279685,132,91,2581,639.23,640.23,0,0,41
1061588,133,91,2581,640.23,640.23,0,0,94
1095288,134,91,2581,548.08,639.23,0,0,96
1076119,135,91,2581,547.08,639.23,1,0,189
1331551,136,91,2581,548.08,641.23,1,0,296
1312513,137,91,2581,548.08,639.23,0,0,216
1215998,138,91,2581,547.08,640.23,0,0,162
1045778,139,91,2581,547.08,640.23,0,0,161
1434893,140,91,2581,547.08,639.23,0,0,189
1187177,141,91,2581,481.15,640.23,1,0,176
1229362,142,91,2581,467.54,641.23,1,1,121
1373146,143,91,2581,549.08,547.08,0,0,190
1461134,144,91,2581,548.08,548.08,0,0,215
1112644,145,91,2581,562.6,562.6,0,0,188
1036114,1,91,1962,583.03,612.13,1,0,366
1332386,2,91,1962,581.03,611.13,1,0,269
1048166,3,91,1962,644.11,643.11,0,0,96
1325136,4,91,1962,607.25,607.25,0,0,203
1059730,5,91,1962,612.13,611.13,0,0,136
1432731,6,91,1962,612.13,611.13,0,0,27
1073570,7,91,1962,612.13,612.13,0,0,67
1475956,8,91,1962,612.13,612.13,0,0,27
1463925,9,91,1962,581.03,583.03,0,0,190
1453111,10,91,1962,583.03,583.03,0,0,134
1330657,11,91,1962,619.89,618.89,0,0,108
1400643,12,91,1962,533.53,619.89,1,0,134
1227070,13,91,1962,533.53,619.89,1,0,203
1396423,14,91,1962,610.13,611.13,0,0,123
1062622,15,91,1962,610.13,611.13,0,0,96
1384010,16,91,1962,612.13,610.13,0,0,54
1329744,17,91,1962,612.13,610.13,0,0,96
1453008,18,91,1962,610.13,611.13,0,0,148
1151726,19,91,1962,610.13,612.13,0,0,269
1018272,20,91,1962,513.13,610.13,1,0,94
1195426,21,91,1962,515.13,612.13,1,0,122
1185729,22,91,1962,610.13,611.13,0,0,244
1134150,23,91,1962,612.13,610.13,0,0,204
1428730,24,91,1962,635.41,635.41,0,0,69
1265285,25,91,1962,612.13,612.13,0,0,67
1428889,26,91,1962,486.03,610.13,1,0,229
1079659,27,91,1962,485.03,610.13,1,0,379
1435433,28,91,1962,726.53,726.53,0,0,148
1176692,29,91,1962,728.53,728.53,0,0,53
1325775,30,91,1962,728.53,727.53,0,0,14
1248329,31,91,1962,727.53,727.53,0,0,217
1459365,32,91,1962,728.53,728.53,0,0,80
1299280,34,91,1962,728.53,727.53,0,0,27
1473255,35,91,1962,679.03,679.03,0,0,134
1211906,36,91,1962,679.03,680.03,0,0,82
1307112,37,91,1962,448.14,678.03,1,0,204
1430514,38,91,1962,433.59,679.03,1,0,231
1178587,39,91,1962,435.59,678.03,0,0,459
1366672,40,91,1962,446.2,678.03,0,0,539
1027851,41,91,1962,680.03,679.03,0,0,108
1404523,42,91,1962,680.03,680.03,0,0,82
1058230,43,91,1962,678.03,678.03,0,0,82
1096237,44,91,1962,680.03,680.03,0,0,271
1207331,45,91,1962,499.55,678.03,1,1,500
1298067,46,91,1962,484.03,680.03,0,1,217
1281872,47,91,1962,464.69,678.03,0,0,230
1327527,48,91,1962,680.03,680.03,0,1,203
1074697,49,91,1962,680.03,679.03,0,0,230
1236289,50,91,1962,678.03,679.03,0,0,150
1150601,51,91,1962,680.03,679.03,0,0,53
1207119,52,91,1962,680.03,678.03,0,0,95
1492772,53,91,1962,680.03,680.03,0,0,188
1470258,54,91,1962,679.03,679.03,0,0,96
1055410,55,91,1962,486.03,678.03,1,0,323
1096085,56,91,1962,678.03,680.03,0,0,27
1081636,57,91,1962,678.03,678.03,0,0,379
1211924,58,91,1962,678.03,678.03,0,0,230
1021923,59,91,1962,678.03,679.03,0,0,54
1002285,60,91,1962,680.03,680.03,0,0,108
1415776,61,91,1962,435.59,680.03,1,0,458
1259583,62,91,1962,433.59,680.03,1,0,54
1054588,63,91,1962,433.59,680.03,1,0,364
1151566,64,91,1962,433.59,679.03,1,0,310
1135867,65,91,1962,679.03,679.03,0,0,161
1350763,66,91,1962,680.03,678.03,0,0,150
1450998,67,91,1962,678.03,679.03,0,0,122
1022471,68,91,1962,679.03,680.03,0,0,121
1427467,69,91,1962,678.03,678.03,0,0,68
1126085,70,91,1962,679.03,678.03,0,0,204
1332707,71,91,1962,678.03,680.03,0,0,163
1100850,72,91,1962,680.03,680.03,0,0,163
1385685,73,91,1962,678.03,679.03,0,0,28
1045165,74,91,1962,680.03,678.03,0,0,215
1465410,75,91,1962,484.03,679.03,1,1,567
1232076,76,91,1962,486.03,679.03,1,0,350
1328666,77,91,1962,680.03,680.03,0,1,149
1266208,78,91,1962,679.03,678.03,0,0,123
1159924,79,91,1962,481.12,679.03,1,0,459
1220952,80,91,1962,678.03,678.03,0,0,94
1310926,81,91,1962,678.03,680.03,0,0,42
1094683,82,91,1962,679.03,678.03,0,0,81
1003714,83,91,1962,680.03,678.03,0,0,338
1124893,84,91,1962,495.7,678.03,1,0,458
1074396,85,91,1962,511.22,679.03,1,1,202
1131931,86,91,1962,485.03,678.03,0,0,177
1329696,87,91,1962,486.03,680.03,0,0,298
1057639,88,91,1962,518.04,679.03,0,0,473
1308969,89,91,1962,462.69,678.03,1,0,284
1415942,90,91,1962,486.03,678.03,0,0,94
1196372,91,91,1962,485.03,680.03,0,0,149
1484871,92,91,1962,436.53,679.03,1,0,798
1080220,93,91,1962,436.53,680.03,1,0,391
1152144,94,91,1962,680.03,678.03,0,0,80
1337566,95,91,1962,679.03,678.03,0,0,41
1061821,96,91,1962,679.03,678.03,0,0,298
1351493,97,91,1962,679.03,678.03,0,0,243
1018932,98,91,1962,534.5,678.03,1,0,202
1049921,99,91,1962,534.5,679.03,1,0,229
1493395,100,91,1962,680.03,679.03,0,0,215
1368352,101,91,1962,678.03,680.03,0,0,283
1357883,102,91,1962,679.03,678.03,0,0,176
1376237,103,91,1962,679.03,680.03,0,0,136
1073706,104,91,1962,678.03,679.03,0,0,80
1240629,105,91,1962,680.03,678.03,0,0,189
1402481,106,91,1962,679.03,680.03,0,0,190
1473269,107,91,1962,678.03,680.03,0,0,28
1381872,108,91,1962,486.03,678.03,0,0,204
1148085,109,91,1962,490.82,680.03,1,0,379
1305851,110,91,1962,680.03,679.03,0,0,68
1154526,111,91,1962,697.43,697.43,0,0,203
1249103,112,91,1962,697.43,697.43,0,0,81
1052224,113,91,1962,462.69,697.43,1,0,432
1262303,114,91,1962,470.51,698.43,1,1,567
1176098,115,91,1962,464.69,697.43,1,0,323
1300920,116,91,1962,484.06,697.43,1,0,312
1403125,117,91,1962,699.43,697.43,0,1,204
1380967,118,91,1962,698.43,697.43,0,0,134
1450724,119,91,1962,697.43,697.43,0,0,163
1376165,120,91,1962,699.43,699.43,0,0,40
1009069,121,91,1962,486,699.43,1,0,150
1172629,122,91,1962,670.33,669.33,0,0,217
1283155,123,91,1962,670.33,670.33,0,0,80
1488018,124,91,1962,639.23,640.23,0,0,54
1259492,125,91,1962,639.23,640.23,0,0,54
1291533,126,91,1962,561.69,640.23,1,0,231
1172415,127,91,1962,566.48,640.23,1,1,446
1103536,128,91,1962,640.23,639.23,0,0,67
1087475,129,91,1962,639.23,641.23,0,0,135
1083945,130,91,1962,484.03,639.23,1,0,217
1120467,131,91,1962,486.03,641.23,1,0,501
1359731,132,91,1962,641.23,639.23,0,0,122
1426856,133,91,1962,640.23,639.23,0,0,55
1383095,134,91,1962,549.08,639.23,0,0,121
1234708,135,91,1962,548.08,641.23,1,0,243
1204217,136,91,1962,547.08,641.23,1,0,271
1200405,137,91,1962,549.08,641.23,0,0,148
1071519,138,91,1962,549.08,641.23,0,0,94
1011627,139,91,1962,548.08,639.23,0,0,122
1145193,140,91,1962,548.08,639.23,0,0,310
1082236,141,91,1962,466.57,641.23,1,0,177
1299004,142,91,1962,481.15,640.23,1,1,284
1349882,143,91,1962,548.08,548.08,0,0,176
1161306,144,91,1962,549.08,547.08,0,0,296
1256001,145,91,1962,564.6,563.6,0,0,216
